{
  "experiment": "clean-room one-attention-block plus ReLU-readout approximation",
  "claim_scope": "reduced d0=3 alpha=1 bounded Lipschitz target; toy empirical evidence, not a universal theorem proof",
  "seed": 20260801,
  "ntrain": 4000,
  "ntest": 8000,
  "widths": [
    16,
    64,
    256
  ],
  "device": "local CPU",
  "python": "3.14.5 (main, May 10 2026, 18:26:20) [GCC 16.1.1 20260430]",
  "numpy": "2.4.6",
  "platform": "Linux-7.0.9-arch2-1-x86_64-with-glibc2.43",
  "rows": [
    {
      "seed": 20260801,
      "width": 16,
      "l2_test_error": 0.3029634132808406,
      "mse_test_error": 0.09178682978677742,
      "permuted_label_l2_error": 0.46667536689104294,
      "control_degrades": true
    },
    {
      "seed": 20260801,
      "width": 64,
      "l2_test_error": 0.1894377504986312,
      "mse_test_error": 0.035886661313981646,
      "permuted_label_l2_error": 0.47172526824466426,
      "control_degrades": true
    },
    {
      "seed": 20260801,
      "width": 256,
      "l2_test_error": 0.08747945270724503,
      "mse_test_error": 0.007652654645959118,
      "permuted_label_l2_error": 0.4665876537333685,
      "control_degrades": true
    }
  ]
}
